// Jest Snapshot v1, https://goo.gl/fbAQLP

exports[`Button should render a button 1`] = `
<DocumentFragment>
  <button
    class="inline-flex items-center rounded-md border border-transparent px-4 py-2 text-sm font-medium focus:outline-none focus:ring-2 focus:ring-indigo-500 focus:ring-offset-2 bg-indigo-600 text-white shadow-sm hover:bg-indigo-700"
    type="button"
  />
</DocumentFragment>
`;
